
> agentic-wallet-system@1.0.0 build
> tsc && cd apps/frontend && npm run build


> agentic-wallet-frontend@1.0.0 build
> next build

   Γû▓ Next.js 14.1.0
   - Environments: .env.local

   Linting and checking validity of types ...
node.exe : Failed to compile.
At line:1 char:1
+ & "C:\Program Files\nodejs/node.exe" "C:\Users\Admin\AppData\Roaming\ ...
+ ~~~~~~~~~~~~~~~~~~~~~~~~~~~~~~~~~~~~~~~~~~~~~~~~~~~~~~~~~~~~~~~~~~~~~
    + CategoryInfo          : NotSpecified: (Failed to compile.:String) [], Re 
   moteException
    + FullyQualifiedErrorId : NativeCommandError
 

./pages/byoa-register.tsx:130:20
Type error: Property 'success' does not exist on type 
'ApiResponse<BYOARegistrationResult>'.

[0m [90m 128 |[39m       })[33m;[39m[0m
[0m [90m 129 |[39m[0m
[0m[31m[1m>[22m[39m[90m 130 |[39m       [36mif[39m 
(response[33m.[39msuccess [33m&&[39m response[33m.[39mdata) {[0m
[0m [90m     |[39m                    [31m[1m^[22m[39m[0m
[0m [90m 131 |[39m         [36mconst[39m result [33m=[39m {[0m
[0m [90m 132 |[39m           success[33m:[39m 
[36mtrue[39m[33m,[39m[0m
[0m [90m 133 |[39m           message[33m:[39m 
response[33m.[39mdata[33m.[39mmessage[33m,[39m[0m
