
> agentic-wallet-system@1.0.0 test
> vitest --run

node.exe : [33mThe CJS build of Vite's Node API is deprecated. See 
https://vite.dev/guide/troubleshooting.html#vite-cjs-node-api-deprecated for 
more details.[39m
At line:1 char:1
+ & "C:\Program Files\nodejs/node.exe" "C:\Users\Admin\AppData\Roaming\ ...
+ ~~~~~~~~~~~~~~~~~~~~~~~~~~~~~~~~~~~~~~~~~~~~~~~~~~~~~~~~~~~~~~~~~~~~~
    + CategoryInfo          : NotSpecified: ([33mThe CJS bu...e details.[39m 
   :String) [], RemoteException
    + FullyQualifiedErrorId : NativeCommandError
 

[7m[1m[36m RUN [39m[22m[27m [36mv1.6.1[39m [90mC:/Users/Admin/Agentic-wallet[39m

(node:13224) [DEP0040] DeprecationWarning: The `punycode` module is 
deprecated. Please use a userland alternative instead.
(Use `node --trace-deprecation ...` to show where the warning was created)
[90mstdout[2m | tests/service-policy.test.ts[2m > [22m[2mServicePolicyManager[2m > [22m[2mService Policy Registration[2m > [22m[2mshould register a valid service policy[22m[39m
[2026-04-14T17:58:05.622Z] [INFO ] [SERVICE_POLICY] Service policies restored {"count":9}
[2026-04-14T17:58:05.624Z] [INFO ] [SERVICE_POLICY] Service usage records restored {"count":26}
[2026-04-14T17:58:05.626Z] [INFO ] [SERVICE_POLICY] Service policy registered {"serviceId":"test-service","capPerTx":1,"dailyBudget":10,"cooldown":30}

[90mstdout[2m | tests/service-policy.test.ts[2m > [22m[2mServicePolicyManager[2m > [22m[2mService Policy Registration[2m > [22m[2mshould reject policy with negative caps[22m[39m
[2026-04-14T17:58:05.632Z] [INFO ] [SERVICE_POLICY] Service policies restored {"count":9}
[2026-04-14T17:58:05.633Z] [INFO ] [SERVICE_POLICY] Service usage records restored {"count":26}

[90mstdout[2m | tests/service-policy.test.ts[2m > [22m[2mServicePolicyManager[2m > [22m[2mService Policy Registration[2m > [22m[2mshould reject policy with invalid cooldown[22m[39m
[2026-04-14T17:58:05.634Z] [INFO ] [SERVICE_POLICY] Service policies restored {"count":9}
[2026-04-14T17:58:05.635Z] [INFO ] [SERVICE_POLICY] Service usage records restored {"count":26}

[90mstdout[2m | tests/service-policy.test.ts[2m > [22m[2mServicePolicyManager[2m > [22m[2mPer-Transaction Spend Caps[2m > [22m[2mshould allow payment within cap[22m[39m
[2026-04-14T17:58:05.637Z] [INFO ] [SERVICE_POLICY] Service policies restored {"count":9}
[2026-04-14T17:58:05.638Z] [INFO ] [SERVICE_POLICY] Service usage records restored {"count":26}
[2026-04-14T17:58:05.638Z] [INFO ] [SERVICE_POLICY] Service policy registered {"serviceId":"api.service","capPerTx":1,"dailyBudget":10,"cooldown":0}
[2026-04-14T17:58:05.646Z] [INFO ] [SERVICE_POLICY] Service payment validated {"walletId":"wallet-1","serviceId":"api.service","amount":0.5}

[90mstdout[2m | tests/service-policy.test.ts[2m > [22m[2mServicePolicyManager[2m > [22m[2mPer-Transaction Spend Caps[2m > [22m[2mshould reject payment exceeding cap[22m[39m
[2026-04-14T17:58:05.648Z] [INFO ] [SERVICE_POLICY] Service policies restored {"count":9}
[2026-04-14T17:58:05.648Z] [INFO ] [SERVICE_POLICY] Service usage records restored {"count":26}
[2026-04-14T17:58:05.648Z] [INFO ] [SERVICE_POLICY] Service policy registered {"serviceId":"api.service","capPerTx":1,"dailyBudget":10,"cooldown":0}

[90mstdout[2m | tests/service-policy.test.ts[2m > [22m[2mServicePolicyManager[2m > [22m[2mDaily Budget Enforcement[2m > [22m[2mshould track cumulative spending across transactions[22m[39m
[2026-04-14T17:58:05.651Z] [INFO ] [SERVICE_POLICY] Service policies restored {"count":9}
[2026-04-14T17:58:05.651Z] [INFO ] [SERVICE_POLICY] Service usage records restored {"count":26}
[2026-04-14T17:58:05.651Z] [INFO ] [SERVICE_POLICY] Service policy registered {"serviceId":"api.service","capPerTx":1,"dailyBudget":5,"cooldown":0}

[90mstdout[2m | tests/service-policy.test.ts[2m > [22m[2mServicePolicyManager[2m > [22m[2mDaily Budget Enforcement[2m > [22m[2mshould allow payment equal to remaining budget[22m[39m
[2026-04-14T17:58:05.677Z] [INFO ] [SERVICE_POLICY] Service policies restored {"count":9}
[2026-04-14T17:58:05.677Z] [INFO ] [SERVICE_POLICY] Service usage records restored {"count":26}
[2026-04-14T17:58:05.677Z] [INFO ] [SERVICE_POLICY] Service policy registered {"serviceId":"api.service","capPerTx":1,"dailyBudget":5,"cooldown":0}

[90mstdout[2m | tests/service-policy.test.ts[2m > [22m[2mServicePolicyManager[2m > [22m[2mCooldown Enforcement[2m > [22m[2mshould reject payment within cooldown period[22m[39m
[2026-04-14T17:58:05.685Z] [INFO ] [SERVICE_POLICY] Service policies restored {"count":9}
[2026-04-14T17:58:05.685Z] [INFO ] [SERVICE_POLICY] Service usage records restored {"count":26}
[2026-04-14T17:58:05.685Z] [INFO ] [SERVICE_POLICY] Service policy registered {"serviceId":"api.service-cool","capPerTx":1,"dailyBudget":100,"cooldown":60}

[90mstdout[2m | tests/service-policy.test.ts[2m > [22m[2mServicePolicyManager[2m > [22m[2mCooldown Enforcement[2m > [22m[2mshould allow payment after cooldown expires[22m[39m
[2026-04-14T17:58:05.691Z] [INFO ] [SERVICE_POLICY] Service policies restored {"count":9}
[2026-04-14T17:58:05.691Z] [INFO ] [SERVICE_POLICY] Service usage records restored {"count":26}
[2026-04-14T17:58:05.691Z] [INFO ] [SERVICE_POLICY] Service policy registered {"serviceId":"api.service-cool","capPerTx":1,"dailyBudget":100,"cooldown":60}
[2026-04-14T17:58:05.693Z] [INFO ] [SERVICE_POLICY] Service payment validated {"walletId":"wallet-cooldown-test-2","serviceId":"api.service-cool","amount":0.1}
[2026-04-14T17:58:05.696Z] [INFO ] [SERVICE_POLICY] Usage reset {"walletId":"wallet-cooldown-test-2","serviceId":"api.service-cool"}
[2026-04-14T17:58:05.697Z] [INFO ] [SERVICE_POLICY] Service payment validated {"walletId":"wallet-cooldown-test-2","serviceId":"api.service-cool","amount":0.1}

[90mstdout[2m | tests/service-policy.test.ts[2m > [22m[2mServicePolicyManager[2m > [22m[2mReplay Attack Prevention[2m > [22m[2mshould reject duplicate nonce (replay attack)[22m[39m
[2026-04-14T17:58:05.698Z] [INFO ] [SERVICE_POLICY] Service policies restored {"count":9}
[2026-04-14T17:58:05.698Z] [INFO ] [SERVICE_POLICY] Service usage records restored {"count":26}
[2026-04-14T17:58:05.698Z] [INFO ] [SERVICE_POLICY] Service policy registered {"serviceId":"api.service-replay","capPerTx":1,"dailyBudget":100,"cooldown":0}
[2026-04-14T17:58:05.700Z] [INFO ] [SERVICE_POLICY] Service payment validated {"walletId":"wallet-replay-test","serviceId":"api.service-replay","amount":0.1}

[90mstdout[2m | tests/service-policy.test.ts[2m > [22m[2mServicePolicyManager[2m > [22m[2mProgram Allowlist/Blocklist[2m > [22m[2mshould enforce program allowlist[22m[39m
[2026-04-14T17:58:05.703Z] [INFO ] [SERVICE_POLICY] Service policies restored {"count":9}
[2026-04-14T17:58:05.703Z] [INFO ] [SERVICE_POLICY] Service usage records restored {"count":26}
[2026-04-14T17:58:05.703Z] [INFO ] [SERVICE_POLICY] Service policy registered {"serviceId":"api.dex","capPerTx":1,"dailyBudget":100,"cooldown":0}
[2026-04-14T17:58:05.705Z] [INFO ] [SERVICE_POLICY] Service payment validated {"walletId":"wallet-allowlist-test","serviceId":"api.dex","amount":0.1}

[90mstdout[2m | tests/service-policy.test.ts[2m > [22m[2mServicePolicyManager[2m > [22m[2mUsage Record Management[2m > [22m[2mshould retrieve usage records[22m[39m
[2026-04-14T17:58:05.706Z] [INFO ] [SERVICE_POLICY] Service policies restored {"count":9}
[2026-04-14T17:58:05.706Z] [INFO ] [SERVICE_POLICY] Service usage records restored {"count":26}
[2026-04-14T17:58:05.707Z] [INFO ] [SERVICE_POLICY] Service policy registered {"serviceId":"api.service-usage","capPerTx":1,"dailyBudget":10,"cooldown":0}

[90mstdout[2m | tests/service-policy.test.ts[2m > [22m[2mServicePolicyManager[2m > [22m[2mUsage Record Management[2m > [22m[2mshould reset usage records on demand[22m[39m
[2026-04-14T17:58:05.714Z] [INFO ] [SERVICE_POLICY] Service policies restored {"count":9}
[2026-04-14T17:58:05.714Z] [INFO ] [SERVICE_POLICY] Service usage records restored {"count":26}
[2026-04-14T17:58:05.715Z] [INFO ] [SERVICE_POLICY] Service policy registered {"serviceId":"api.service-reset","capPerTx":1,"dailyBudget":10,"cooldown":0}
[2026-04-14T17:58:05.717Z] [INFO ] [SERVICE_POLICY] Usage reset {"walletId":"wallet-reset-test","serviceId":"api.service-reset"}

 [33mΓ¥»[39m tests/service-policy.test.ts [2m ([22m[2m13 tests[22m [2m|[22m [31m4 failed[39m[2m)[22m[90m 105[2mms[22m[39m
[31m   [33mΓ¥»[31m tests/service-policy.test.ts[2m > [22mServicePolicyManager[2m > [22mDaily Budget Enforcement[2m > [22mshould track cumulative spending across transactions[39m
[31m     ΓåÆ expected false to be true // Object.is equality[39m
[31m   [33mΓ¥»[31m tests/service-policy.test.ts[2m > [22mServicePolicyManager[2m > [22mDaily Budget Enforcement[2m > [22mshould allow payment equal to remaining budget[39m
[31m     ΓåÆ expected false to be true // Object.is equality[39m
[31m   [33mΓ¥»[31m tests/service-policy.test.ts[2m > [22mServicePolicyManager[2m > [22mCooldown Enforcement[2m > [22mshould reject payment within cooldown period[39m
[31m     ΓåÆ usage.lastCallAt.getTime is not a function[39m
[31m   [33mΓ¥»[31m tests/service-policy.test.ts[2m > [22mServicePolicyManager[2m > [22mUsage Record Management[2m > [22mshould retrieve usage records[39m
[31m     ΓåÆ expected 10 to be 2.5 // Object.is equality[39m
(node:13224) [DEP0040] DeprecationWarning: The `punycode` module is 
deprecated. Please use a userland alternative instead.
(Use `node --trace-deprecation ...` to show where the warning was created)
[90mstdout[2m | tests/x402-mpp.test.ts[2m > [22m[2mx402 Protocol Handler[2m > [22m[2mPayment Descriptor Generation[2m > [22m[2mshould generate valid payment descriptor[22m[39m
[2026-04-14T17:58:06.215Z] [INFO ] [X402_PROTOCOL] x402 payment descriptor generated {"amount":2000000,"requestId":"840ca21b-db34-4e57-9c0a-a5deffeca1bf","expiresAt":"2026-04-14T18:03:06.213Z"}

[90mstdout[2m | tests/x402-mpp.test.ts[2m > [22m[2mx402 Protocol Handler[2m > [22m[2mPayment Descriptor Generation[2m > [22m[2mshould verify valid descriptor[22m[39m
[2026-04-14T17:58:06.222Z] [INFO ] [X402_PROTOCOL] x402 payment descriptor generated {"amount":1000000,"requestId":"3cb5d731-d2e9-40dd-b624-42a8ba637e2d","expiresAt":"2026-04-14T17:59:06.222Z"}

[90mstdout[2m | tests/x402-mpp.test.ts[2m > [22m[2mx402 Protocol Handler[2m > [22m[2mPayment Descriptor Generation[2m > [22m[2mshould reject expired descriptor[22m[39m
[2026-04-14T17:58:06.247Z] [INFO ] [X402_PROTOCOL] x402 payment descriptor generated {"amount":1000000,"requestId":"319e2708-6406-4519-81e7-ce9d68ce1a91","expiresAt":"2026-04-14T17:57:56.240Z"}

[90mstdout[2m | tests/x402-mpp.test.ts[2m > [22m[2mx402 Protocol Handler[2m > [22m[2mPayment Descriptor Generation[2m > [22m[2mshould reject descriptor with zero or negative amount[22m[39m
[2026-04-14T17:58:06.252Z] [INFO ] [X402_PROTOCOL] x402 payment descriptor generated {"amount":0,"requestId":"ec169ed6-30d1-4017-a46f-9ac560a0d080","expiresAt":"2026-04-14T18:03:06.252Z"}

[90mstdout[2m | tests/x402-mpp.test.ts[2m > [22m[2mx402 Protocol Handler[2m > [22m[2mx402 Header Encoding/Decoding[2m > [22m[2mshould encode descriptor as base64 x402 header[22m[39m
[2026-04-14T17:58:06.258Z] [INFO ] [X402_PROTOCOL] x402 payment descriptor generated {"amount":1000000,"requestId":"efb67e99-789a-48ae-9178-5e38084956ed","expiresAt":"2026-04-14T18:03:06.258Z"}

[90mstdout[2m | tests/x402-mpp.test.ts[2m > [22m[2mx402 Protocol Handler[2m > [22m[2mx402 Header Encoding/Decoding[2m > [22m[2mshould decode x402 header back to descriptor[22m[39m
[2026-04-14T17:58:06.261Z] [INFO ] [X402_PROTOCOL] x402 payment descriptor generated {"amount":1000000,"requestId":"f383bd02-aacf-41de-a3e2-6d48ef23c929","expiresAt":"2026-04-14T18:03:06.261Z"}

 [32mΓ£ô[39m tests/x402-mpp.test.ts [2m ([22m[2m28 tests[22m[2m)[22m[33m 506[2mms[22m[39m
(node:13224) [DEP0040] DeprecationWarning: The `punycode` module is 
deprecated. Please use a userland alternative instead.
(Use `node --trace-deprecation ...` to show where the warning was created)
[90mstderr[2m | Object.<anonymous> (C:\Users\Admin\Agentic-wallet\node_module
s\bigint-buffer\dist\node.js:10:17)[22m[39m
bigint: Failed to load bindings, pure JS will be used (try npm run rebuild?)

 [32mΓ£ô[39m tests/store-and-registry.test.ts [2m ([22m[2m8 tests[22m[2m)[22m[90m 25[2mms[22m[39m
[90mstdout[2m | tests/store-and-registry.test.ts[2m > [22m[2mAgentRegistry[2m > [22m[2mregister[2m > [22m[2mreturns an agent ID and control token[22m[39m
[2026-04-14T17:58:07.518Z] [INFO ] [BYOA_REGISTRY] External agent registered {"agentId":"d3fbcfe6-77d0-4212-b0db-11b863cd4a65","name":"test-bot","type":"local"}

[90mstdout[2m | tests/store-and-registry.test.ts[2m > [22m[2mAgentRegistry[2m > [22m[2mauthenticateToken[2m > [22m[2mauthenticates with the returned token[22m[39m
[2026-04-14T17:58:07.527Z] [INFO ] [BYOA_REGISTRY] External agent registered {"agentId":"8caf84df-1a4c-4222-931f-965782d9d198","name":"auth-test","type":"local"}

[90mstdout[2m | tests/store-and-registry.test.ts[2m > [22m[2mAgentRegistry[2m > [22m[2mrotateToken[2m > [22m[2missues a new token that authenticates[22m[39m
[2026-04-14T17:58:07.529Z] [INFO ] [BYOA_REGISTRY] External agent registered {"agentId":"c6210e44-9f7a-4647-a7ca-e48178220d84","name":"rotate-test","type":"local"}
[2026-04-14T17:58:07.530Z] [INFO ] [BYOA_REGISTRY] Control token rotated for external agent {"agentId":"c6210e44-9f7a-4647-a7ca-e48178220d84","name":"rotate-test"}

[90mstdout[2m | tests/store-and-registry.test.ts[2m > [22m[2mAgentRegistry[2m > [22m[2mlifecycle[2m > [22m[2mrevoke prevents authentication[22m[39m
[2026-04-14T17:58:07.535Z] [INFO ] [BYOA_REGISTRY] External agent registered {"agentId":"aa40c1bf-a856-41d1-9076-d8f03fec2f8b","name":"revoke-test","type":"local"}
[2026-04-14T17:58:07.535Z] [INFO ] [BYOA_REGISTRY] External agent revoked {"agentId":"aa40c1bf-a856-41d1-9076-d8f03fec2f8b"}

[90mstdout[2m | tests/store-and-registry.test.ts[2m > [22m[2mAgentRegistry[2m > [22m[2mlifecycle[2m > [22m[2mdeactivate ΓåÆ activate round-trip[22m[39m
[2026-04-14T17:58:07.536Z] [INFO ] [BYOA_REGISTRY] External agent registered {"agentId":"4f68773b-bac0-4044-b4b6-c5652d7c7321","name":"lifecycle-test","type":"local"}
[2026-04-14T17:58:07.536Z] [INFO ] [BYOA_REGISTRY] External agent deactivated {"agentId":"4f68773b-bac0-4044-b4b6-c5652d7c7321"}

[90mstdout[2m | tests/service-payment-integration.test.ts[2m > [22m[2mSERVICE_PAYMENT Intent Execution[2m > [22m[2mValid SERVICE_PAYMENT Execution[2m > [22m[2mshould validate and execute SERVICE_PAYMENT intent[22m[39m
[2026-04-14T17:58:07.485Z] [INFO ] [SERVICE_POLICY] Service policies restored {"count":9}
[2026-04-14T17:58:07.486Z] [INFO ] [SERVICE_POLICY] Service usage records restored {"count":26}
[2026-04-14T17:58:07.487Z] [INFO ] [BYOA_REGISTRY] BYOA agents restored from disk {"count":4}
[2026-04-14T17:58:07.493Z] [INFO ] [WALLET] Wallets restored from disk {"count":8}
[2026-04-14T17:58:07.497Z] [INFO ] [RPC] Solana client initialized {"rpcUrl":"https://api.devnet.solana.com","network":"devnet"}
[2026-04-14T17:58:07.497Z] [INFO ] [SERVICE_POLICY] Service policy registered {"serviceId":"inference-service","capPerTx":100000,"dailyBudget":500000,"cooldown":30}

[90mstdout[2m | tests/service-payment-integration.test.ts[2m > [22m[2mSERVICE_PAYMENT Intent Execution[2m > [22m[2mValid SERVICE_PAYMENT Execution[2m > [22m[2mshould enforce policy: amount within cap[22m[39m
[2026-04-14T17:58:07.505Z] [INFO ] [SERVICE_POLICY] Service policy registered {"serviceId":"inference-service","capPerTx":100000,"dailyBudget":500000,"cooldown":30}

[90mstdout[2m | tests/service-payment-integration.test.ts[2m > [22m[2mSERVICE_PAYMENT Intent Execution[2m > [22m[2mValid SERVICE_PAYMENT Execution[2m > [22m[2mshould emit audit event on successful payment[22m[39m
[2026-04-14T17:58:07.514Z] [INFO ] [SERVICE_POLICY] Service policy registered {"serviceId":"inference-service","capPerTx":100000,"dailyBudget":500000,"cooldown":30}

[90mstdout[2m | tests/service-payment-integration.test.ts[2m > [22m[2mSERVICE_PAYMENT Intent Execution[2m > [22m[2mPolicy Enforcement During Execution[2m > [22m[2mshould reject payment exceeding per-transaction cap[22m[39m
[2026-04-14T17:58:07.531Z] [INFO ] [SERVICE_POLICY] Service policy registered {"serviceId":"inference-service","capPerTx":100000,"dailyBudget":500000,"cooldown":30}

[90mstdout[2m | tests/service-payment-integration.test.ts[2m > [22m[2mSERVICE_PAYMENT Intent Execution[2m > [22m[2mPolicy Enforcement During Execution[2m > [22m[2mshould reject payment exceeding daily budget[22m[39m
[2026-04-14T17:58:07.536Z] [INFO ] [SERVICE_POLICY] Service policy registered {"serviceId":"inference-service","capPerTx":100000,"dailyBudget":500000,"cooldown":30}

[90mstdout[2m | tests/service-payment-integration.test.ts[2m > [22m[2mSERVICE_PAYMENT Intent Execution[2m > [22m[2mPolicy Enforcement During Execution[2m > [22m[2mshould enforce cooldown between payments[22m[39m
[2026-04-14T17:58:07.545Z] [INFO ] [SERVICE_POLICY] Service policy registered {"serviceId":"inference-service","capPerTx":100000,"dailyBudget":500000,"cooldown":30}

[90mstdout[2m | tests/service-payment-integration.test.ts[2m > [22m[2mSERVICE_PAYMENT Intent Execution[2m > [22m[2mPolicy Enforcement During Execution[2m > [22m[2mshould allow payment after cooldown expires[22m[39m
[2026-04-14T17:58:07.555Z] [INFO ] [SERVICE_POLICY] Service policy registered {"serviceId":"inference-service","capPerTx":100000,"dailyBudget":500000,"cooldown":30}

[90mstdout[2m | tests/service-payment-integration.test.ts[2m > [22m[2mSERVICE_PAYMENT Intent Execution[2m > [22m[2mPolicy Enforcement During Execution[2m > [22m[2mshould reject replay attack: same nonce twice[22m[39m
[2026-04-14T17:58:07.565Z] [INFO ] [SERVICE_POLICY] Service policy registered {"serviceId":"inference-service","capPerTx":100000,"dailyBudget":500000,"cooldown":30}

[90mstdout[2m | tests/service-payment-integration.test.ts[2m > [22m[2mSERVICE_PAYMENT Intent Execution[2m > [22m[2mProgram Allowlist/Blocklist Enforcement[2m > [22m[2mshould enforce program allowlist during execution[22m[39m
[2026-04-14T17:58:07.573Z] [INFO ] [SERVICE_POLICY] Service policy registered {"serviceId":"inference-service","capPerTx":100000,"dailyBudget":500000,"cooldown":30}
[2026-04-14T17:58:07.575Z] [INFO ] [SERVICE_POLICY] Service policy updated {"serviceId":"inference-service","updates":{"allowedPrograms":{"0":"11111111111111111111111111111111"},"blockedPrograms":{}}}

[90mstdout[2m | tests/service-payment-integration.test.ts[2m > [22m[2mSERVICE_PAYMENT Intent Execution[2m > [22m[2mProgram Allowlist/Blocklist Enforcement[2m > [22m[2mshould block programs on blocklist[22m[39m
[2026-04-14T17:58:07.582Z] [INFO ] [SERVICE_POLICY] Service policy registered {"serviceId":"inference-service","capPerTx":100000,"dailyBudget":500000,"cooldown":30}
[2026-04-14T17:58:07.583Z] [INFO ] [SERVICE_POLICY] Service policy updated {"serviceId":"inference-service","updates":{"allowedPrograms":{},"blockedPrograms":{"0":"TokenkegQfeZyiNwAJsyFbPVwwQQftas5LWUUtzMc9"}}}

[90mstdout[2m | tests/service-payment-integration.test.ts[2m > [22m[2mSERVICE_PAYMENT Intent Execution[2m > [22m[2mTransaction Building and Signing[2m > [22m[2mshould build transaction with correct memo[22m[39m
[2026-04-14T17:58:07.588Z] [INFO ] [SERVICE_POLICY] Service policy registered {"serviceId":"inference-service","capPerTx":100000,"dailyBudget":500000,"cooldown":30}

[90mstdout[2m | tests/service-payment-integration.test.ts[2m > [22m[2mSERVICE_PAYMENT Intent Execution[2m > [22m[2mTransaction Building and Signing[2m > [22m[2mshould use correct recipient in transaction[22m[39m
[2026-04-14T17:58:07.594Z] [INFO ] [SERVICE_POLICY] Service policy registered {"serviceId":"inference-service","capPerTx":100000,"dailyBudget":500000,"cooldown":30}

[90mstdout[2m | tests/service-payment-integration.test.ts[2m > [22m[2mSERVICE_PAYMENT Intent Execution[2m > [22m[2mTransaction Building and Signing[2m > [22m[2mshould sign transaction with wallet keypair[22m[39m
[2026-04-14T17:58:07.599Z] [INFO ] [SERVICE_POLICY] Service policy registered {"serviceId":"inference-service","capPerTx":100000,"dailyBudget":500000,"cooldown":30}

[90mstdout[2m | tests/service-payment-integration.test.ts[2m > [22m[2mSERVICE_PAYMENT Intent Execution[2m > [22m[2mError Handling and Recovery[2m > [22m[2mshould catch invalid recipient address[22m[39m
[2026-04-14T17:58:07.603Z] [INFO ] [SERVICE_POLICY] Service policy registered {"serviceId":"inference-service","capPerTx":100000,"dailyBudget":500000,"cooldown":30}

[90mstdout[2m | tests/service-payment-integration.test.ts[2m > [22m[2mSERVICE_PAYMENT Intent Execution[2m > [22m[2mError Handling and Recovery[2m > [22m[2mshould validate serviceId existence in policy[22m[39m
[2026-04-14T17:58:07.610Z] [INFO ] [SERVICE_POLICY] Service policy registered {"serviceId":"inference-service","capPerTx":100000,"dailyBudget":500000,"cooldown":30}

[90mstdout[2m | tests/service-payment-integration.test.ts[2m > [22m[2mSERVICE_PAYMENT Intent Execution[2m > [22m[2mError Handling and Recovery[2m > [22m[2mshould handle negative amount gracefully[22m[39m
[2026-04-14T17:58:07.617Z] [INFO ] [SERVICE_POLICY] Service policy registered {"serviceId":"inference-service","capPerTx":100000,"dailyBudget":500000,"cooldown":30}

[90mstdout[2m | tests/service-payment-integration.test.ts[2m > [22m[2mSERVICE_PAYMENT Intent Execution[2m > [22m[2mMultiple Service Policy Isolation[2m > [22m[2mshould isolate usage tracking between services[22m[39m
[2026-04-14T17:58:07.621Z] [INFO ] [SERVICE_POLICY] Service policy registered {"serviceId":"inference-service","capPerTx":100000,"dailyBudget":500000,"cooldown":30}
[2026-04-14T17:58:07.623Z] [INFO ] [SERVICE_POLICY] Service policy registered {"serviceId":"translation-service","capPerTx":200000,"dailyBudget":1000000,"cooldown":10}

[90mstdout[2m | tests/service-payment-integration.test.ts[2m > [22m[2mSERVICE_PAYMENT Intent Execution[2m > [22m[2mMultiple Service Policy Isolation[2m > [22m[2mshould maintain separate nonce sets per service[22m[39m
[2026-04-14T17:58:07.632Z] [INFO ] [SERVICE_POLICY] Service policy registered {"serviceId":"inference-service","capPerTx":100000,"dailyBudget":500000,"cooldown":30}
[2026-04-14T17:58:07.641Z] [INFO ] [SERVICE_POLICY] Service policy registered {"serviceId":"translation-service","capPerTx":200000,"dailyBudget":1000000,"cooldown":10}

[90mstdout[2m | tests/service-payment-integration.test.ts[2m > [22m[2mSERVICE_PAYMENT Intent Execution[2m > [22m[2mDaily Reset Behavior[2m > [22m[2mshould reset usage at midnight UTC[22m[39m
[2026-04-14T17:58:07.664Z] [INFO ] [SERVICE_POLICY] Service policy registered {"serviceId":"inference-service","capPerTx":100000,"dailyBudget":500000,"cooldown":30}

[90mstdout[2m | tests/service-payment-integration.test.ts[2m > [22m[2mSERVICE_PAYMENT Intent Execution[2m > [22m[2mDaily Reset Behavior[2m > [22m[2mshould not double-count spending across days[22m[39m
[2026-04-14T17:58:07.668Z] [INFO ] [SERVICE_POLICY] Service policy registered {"serviceId":"inference-service","capPerTx":100000,"dailyBudget":500000,"cooldown":30}
[2026-04-14T17:58:07.672Z] [INFO ] [SERVICE_POLICY] Usage reset {"walletId":"5RVr85h9WAySxGpZoqyoYyVKyVAVmpcLSazHCkpwPKAQ","serviceId":"inference-service"}

[90mstdout[2m | tests/service-payment-integration.test.ts[2m > [22m[2mSERVICE_PAYMENT Intent Execution[2m > [22m[2mIntent Validation Pipeline[2m > [22m[2mshould validate all required intent fields[22m[39m
[2026-04-14T17:58:07.688Z] [INFO ] [SERVICE_POLICY] Service policy registered {"serviceId":"inference-service","capPerTx":100000,"dailyBudget":500000,"cooldown":30}

[90mstdout[2m | tests/service-payment-integration.test.ts[2m > [22m[2mSERVICE_PAYMENT Intent Execution[2m > [22m[2mIntent Validation Pipeline[2m > [22m[2mshould validate serviceId matches registered policy[22m[39m
[2026-04-14T17:58:07.694Z] [INFO ] [SERVICE_POLICY] Service policy registered {"serviceId":"inference-service","capPerTx":100000,"dailyBudget":500000,"cooldown":30}

[90mstdout[2m | tests/service-payment-integration.test.ts[2m > [22m[2mSERVICE_PAYMENT Intent Execution[2m > [22m[2mIntent Validation Pipeline[2m > [22m[2mshould reject intent with unregistered serviceId[22m[39m
[2026-04-14T17:58:07.700Z] [INFO ] [SERVICE_POLICY] Service policy registered {"serviceId":"inference-service","capPerTx":100000,"dailyBudget":500000,"cooldown":30}

 [33mΓ¥»[39m tests/service-payment-integration.test.ts [2m ([22m[2m23 tests[22m [2m|[22m [31m2 failed[39m[2m)[22m[33m 426[2mms[22m[39m
[31m   [33mΓ¥»[31m tests/service-payment-integration.test.ts[2m > [22mSERVICE_PAYMENT Intent Execution[2m > [22mMultiple Service Policy Isolation[2m > [22mshould maintain separate nonce sets per service[39m
[31m     ΓåÆ expected false to be true // Object.is equality[39m
[31m   [33mΓ¥»[31m tests/service-payment-integration.test.ts[2m > [22mSERVICE_PAYMENT Intent Execution[2m > [22mDaily Reset Behavior[2m > [22mshould not double-count spending across days[39m
[31m     ΓåÆ expected false to be true // Object.is equality[39m
(node:13224) [DEP0040] DeprecationWarning: The `punycode` module is 
deprecated. Please use a userland alternative instead.
(Use `node --trace-deprecation ...` to show where the warning was created)
(node:13224) [DEP0040] DeprecationWarning: The `punycode` module is 
deprecated. Please use a userland alternative instead.
(Use `node --trace-deprecation ...` to show where the warning was created)
 [32mΓ£ô[39m tests/agent-decisions.test.ts [2m ([22m[2m6 tests[22m[2m)[22m[90m 14[2mms[22m[39m
[90mstdout[2m | tests/agent-decisions.test.ts[2m > [22m[2mAccumulatorAgent[2m > [22m[2mrequests airdrop when balance is below minBalance[22m[39m
[2026-04-14T17:58:09.077Z] [INFO ] [ACCUMULATOR] Accumulator requesting airdrop {"agentId":"674f816e-fad2-4220-b933-b7d474887f00","currentBalance":0.1,"requestAmount":1}

[90mstdout[2m | tests/agent-decisions.test.ts[2m > [22m[2mBalanceGuardAgent[2m > [22m[2mtriggers emergency airdrop when critically low[22m[39m
[2026-04-14T17:58:09.083Z] [INFO ] [BALANCE_GUARD] Balance critically low, requesting airdrop {"agentId":"dc8228e4-ed91-4e45-a5d6-178c4b6c9ce6","balance":0.01,"critical":0.05}

[90mstdout[2m | tests/agent-decisions.test.ts[2m > [22m[2mScheduledPayerAgent[2m > [22m[2msends payment when balance supports it[22m[39m
[2026-04-14T17:58:09.085Z] [INFO ] [SCHEDULED_PAYER] Scheduled payment {"agentId":"96e0b6a8-a940-493f-a181-1f264ccfc508","recipient":"So11111111111111111111111111111111111111112","amount":0.01}

 [32mΓ£ô[39m tests/agent-factory.test.ts [2m ([22m[2m10 tests[22m[2m)[22m[90m 25[2mms[22m[39m
[90mstdout[2m | tests/agent-factory.test.ts[2m > [22m[2mAgent Factory (createAgent)[2m > [22m[2mcreates an accumulator agent with default params[22m[39m
[2026-04-14T17:58:09.243Z] [INFO ] [AGENT_FACTORY] Creating agent {"name":"acc-test","strategy":"accumulator","walletId":"wallet_test_001"}
[2026-04-14T17:58:09.248Z] [INFO ] [AGENT_FACTORY] Agent created successfully {"agentId":"ba5b1bc7-232c-4a33-a720-2b2360140033","name":"acc-test","strategy":"accumulator"}

[90mstdout[2m | tests/agent-factory.test.ts[2m > [22m[2mAgent Factory (createAgent)[2m > [22m[2mcreates a distributor agent[22m[39m
[2026-04-14T17:58:09.252Z] [INFO ] [AGENT_FACTORY] Creating agent {"name":"dist-test","strategy":"distributor","walletId":"wallet_test_001"}
[2026-04-14T17:58:09.254Z] [INFO ] [AGENT_FACTORY] Agent created successfully {"agentId":"c104e900-5d74-4735-8f3c-06a4b833e743","name":"dist-test","strategy":"distributor"}

[90mstdout[2m | tests/agent-factory.test.ts[2m > [22m[2mAgent Factory (createAgent)[2m > [22m[2mcreates a balance_guard agent[22m[39m
[2026-04-14T17:58:09.255Z] [INFO ] [AGENT_FACTORY] Creating agent {"name":"bg-test","strategy":"balance_guard","walletId":"wallet_test_001"}
[2026-04-14T17:58:09.255Z] [INFO ] [AGENT_FACTORY] Agent created successfully {"agentId":"123efd33-ed1f-4a70-9a07-5204b57312b2","name":"bg-test","strategy":"balance_guard"}

[90mstdout[2m | tests/agent-factory.test.ts[2m > [22m[2mAgent Factory (createAgent)[2m > [22m[2mcreates a scheduled_payer agent[22m[39m
[2026-04-14T17:58:09.256Z] [INFO ] [AGENT_FACTORY] Creating agent {"name":"sp-test","strategy":"scheduled_payer","walletId":"wallet_test_001"}
[2026-04-14T17:58:09.257Z] [INFO ] [AGENT_FACTORY] Agent created successfully {"agentId":"0a577645-197d-4bda-b6d7-3e1af17775b4","name":"sp-test","strategy":"scheduled_payer"}

[90mstdout[2m | tests/agent-factory.test.ts[2m > [22m[2mAgent Factory (createAgent)[2m > [22m[2mfails for an unknown strategy[22m[39m
[2026-04-14T17:58:09.258Z] [INFO ] [AGENT_FACTORY] Creating agent {"name":"bad","strategy":"nonexistent_strategy","walletId":"wallet_test_001"}

[90mstdout[2m | tests/agent-factory.test.ts[2m > [22m[2mAgent Factory (createAgent)[2m > [22m[2mpreserves idOverride when provided[22m[39m
[2026-04-14T17:58:09.259Z] [INFO ] [AGENT_FACTORY] Creating agent {"name":"id-test","strategy":"accumulator","walletId":"wallet_test_001"}
[2026-04-14T17:58:09.260Z] [INFO ] [AGENT_FACTORY] Agent created successfully {"agentId":"custom-agent-id-12345","name":"id-test","strategy":"accumulator"}

[90mstdout[2m | tests/wallet-manager.test.ts[2m > [22m[2mWalletManager[2m > [22m[2mcreateWallet[2m > [22m[2mcreates a wallet with a valid public key[22m[39m
[2026-04-14T17:58:07.594Z] [INFO ] [WALLET] Wallet created {"walletId":"wallet_63b452842f02cad24d1a1b2881ff80ca","publicKey":"3VLmV5yxaxsuXTvy28QS5APuniuKf9wJtBzahyp3FC3R","label":"test-wallet"}

[90mstdout[2m | tests/wallet-manager.test.ts[2m > [22m[2mWalletManager[2m > [22m[2mcreateWallet[2m > [22m[2mcreates wallets with unique IDs[22m[39m
[2026-04-14T17:58:07.851Z] [INFO ] [WALLET] Wallet created {"walletId":"wallet_a6f7146543c8d194b13f2073f31cb201","publicKey":"F2Fvi1ff2kHP9Q7NVjv563vFjWtvdXTMXP9f1pH4rFJD","label":"w1"}
[2026-04-14T17:58:08.045Z] [INFO ] [WALLET] Wallet created {"walletId":"wallet_bf21e55c8e806dfad459216757923417","publicKey":"8cUCk5RL85CEoeeJYjb2jizFTXi9jApoaxRYMJbT1irF","label":"w2"}

[90mstdout[2m | tests/wallet-manager.test.ts[2m > [22m[2mWalletManager[2m > [22m[2mcreateWallet[2m > [22m[2mnever exposes the encrypted secret key[22m[39m
[2026-04-14T17:58:08.231Z] [INFO ] [WALLET] Wallet created {"walletId":"wallet_f4884b1e598b7c4412980db2675c2b55","publicKey":"7mgkk6vTLJxc9PKpJh81MnNdySNZVBoY1CdiSbLijegi","label":"visible"}

[90mstdout[2m | tests/wallet-manager.test.ts[2m > [22m[2mWalletManager[2m > [22m[2mgetPublicKey[2m > [22m[2mreturns a PublicKey for a known wallet[22m[39m
[2026-04-14T17:58:08.434Z] [INFO ] [WALLET] Wallet created {"walletId":"wallet_bedd14e0f8be31b0bda2a8111e222f73","publicKey":"Bz7u5oce7Fgf9Bx1YbQrj2vFsNonKNWewBxnGmJkU5u9","label":"pk-test"}

[90mstdout[2m | tests/wallet-manager.test.ts[2m > [22m[2mWalletManager[2m > [22m[2msignTransaction[2m > [22m[2msigns a transaction successfully[22m[39m
[2026-04-14T17:58:08.663Z] [INFO ] [WALLET] Wallet created {"walletId":"wallet_c0a03b04548ab067cf7630813026bc2f","publicKey":"CejEytqvMTmS7J1eqixRjpvm1zydy6Z48km5zVP2cu55","label":"sign-test"}

[90mstdout[2m | tests/wallet-manager.test.ts[2m > [22m[2mWalletManager[2m > [22m[2mdeleteWallet[2m > [22m[2mremoves a wallet[22m[39m
[2026-04-14T17:58:09.184Z] [INFO ] [WALLET] Wallet created {"walletId":"wallet_82f7b8da7946ccb0ef739d220cab03ad","publicKey":"F4ehLYthZBRVeQko9p1LMGAeHCcCgXoZxLwbrXfhBxta","label":"delete-me"}
[2026-04-14T17:58:09.184Z] [INFO ] [WALLET] Wallet deleted {"walletId":"wallet_82f7b8da7946ccb0ef739d220cab03ad"}

[90mstdout[2m | tests/wallet-manager.test.ts[2m > [22m[2mWalletManager[2m > [22m[2mpolicy validation[2m > [22m[2mrejects a transfer exceeding maxTransferAmount[22m[39m
[2026-04-14T17:58:09.394Z] [INFO ] [WALLET] Wallet created {"walletId":"wallet_b2e61ca250bf1ddbe5c0df45107feda6","publicKey":"HF4tTZDqk6gjtMVRZ8YB9dk9DW6vf9BePA1rYox2u7M4","label":"policy-test"}

[90mstdout[2m | tests/wallet-manager.test.ts[2m > [22m[2mWalletManager[2m > [22m[2mpolicy validation[2m > [22m[2maccepts a valid small transfer[22m[39m
[2026-04-14T17:58:09.575Z] [INFO ] [WALLET] Wallet created {"walletId":"wallet_69dec22b55443fff5aefaa52a8e8187e","publicKey":"HhNr1PX9yJYrLqVmcg16YCTd6SX1ecFDVzjgXGHExs7x","label":"valid-tx"}

 [32mΓ£ô[39m tests/wallet-manager.test.ts [2m ([22m[2m10 tests[22m[2m)[22m[33m 2397[2mms[22m[39m
 [32mΓ£ô[39m tests/store.test.ts [2m ([22m[2m2 tests[22m[2m)[22m[90m 10[2mms[22m[39m
 [32mΓ£ô[39m tests/encryption.test.ts [2m ([22m[2m10 tests[22m[2m)[22m[33m 1462[2mms[22m[39m

[31mΓÄ»ΓÄ»ΓÄ»ΓÄ»ΓÄ»ΓÄ»ΓÄ»[1m[7m Failed Tests 6 
[27m[22mΓÄ»ΓÄ»ΓÄ»ΓÄ»ΓÄ»ΓÄ»ΓÄ»[39m

[31m[1m[7m FAIL [27m[22m[39m 
tests/service-payment-integration.test.ts[2m > [22mSERVICE_PAYMENT Intent 
Execution[2m > [22mMultiple Service Policy Isolation[2m > [22mshould 
maintain separate nonce sets per service
[31m[1mAssertionError[22m: expected false to be true // Object.is 
equality[39m

[32m- Expected[39m
[31m+ Received[39m

[32m- true[39m
[31m+ false[39m

[36m [2mΓ¥»[22m 
tests/service-payment-integration.test.ts:[2m405:26[22m[39m
    [90m403| [39m      [34mexpect[39m(result1[33m.[39mok)[33m.[39m[34m
toBe[39m([35mtrue[39m)[33m;[39m
    [90m404| [39m      [90m// Each service has its own nonce tracking[39m
    [90m405| [39m      [34mexpect[39m(result2[33m.[39mok)[33m.[39m[34m
toBe[39m([35mtrue[39m)[33m;[39m
    [90m   | [39m                         [31m^[39m
    [90m406| [39m    })[33m;[39m
    [90m407| [39m  })[33m;[39m

[31m[2mΓÄ»ΓÄ»ΓÄ»ΓÄ»ΓÄ»ΓÄ»ΓÄ»ΓÄ»ΓÄ»ΓÄ»ΓÄ»ΓÄ»ΓÄ»ΓÄ»ΓÄ»ΓÄ»ΓÄ»ΓÄ»ΓÄ»ΓÄ»ΓÄ»ΓÄ»ΓÄ»Γ
Ä»[1/6]ΓÄ»[22m[39m

[31m[1m[7m FAIL [27m[22m[39m 
tests/service-payment-integration.test.ts[2m > [22mSERVICE_PAYMENT Intent 
Execution[2m > [22mDaily Reset Behavior[2m > [22mshould not double-count 
spending across days
[31m[1mAssertionError[22m: expected false to be true // Object.is 
equality[39m

[32m- Expected[39m
[31m+ Received[39m

[32m- true[39m
[31m+ false[39m

[36m [2mΓ¥»[22m 
tests/service-payment-integration.test.ts:[2m444:40[22m[39m
    [90m442| [39m        serviceId
    [90m443| [39m      )[33m;[39m
    [90m444| [39m      [34mexpect[39m(usageAfterResetResult[33m.[39mok)[
33m.[39m[34mtoBe[39m([35mtrue[39m)[33m;[39m
    [90m   | [39m                                       [31m^[39m
    [90m445| [39m      [34mexpect[39m(usageAfterResetResult[33m.[39mvalue
[33m.[39mtotalSpentToday)[33m.[39m[34mtoBe[39m([34m0[39m)[33m;[39m
    [90m446| [39m    })[33m;[39m

[31m[2mΓÄ»ΓÄ»ΓÄ»ΓÄ»ΓÄ»ΓÄ»ΓÄ»ΓÄ»ΓÄ»ΓÄ»ΓÄ»ΓÄ»ΓÄ»ΓÄ»ΓÄ»ΓÄ»ΓÄ»ΓÄ»ΓÄ»ΓÄ»ΓÄ»ΓÄ»ΓÄ»Γ
Ä»[2/6]ΓÄ»[22m[39m

[31m[1m[7m FAIL [27m[22m[39m tests/service-policy.test.ts[2m > 
[22mServicePolicyManager[2m > [22mDaily Budget Enforcement[2m > 
[22mshould track cumulative spending across transactions
[31m[1mAssertionError[22m: expected false to be true // Object.is 
equality[39m

[32m- Expected[39m
[31m+ Received[39m

[32m- true[39m
[31m+ false[39m

[36m [2mΓ¥»[22m tests/service-policy.test.ts:[2m137:26[22m[39m
    [90m135| [39m
    [90m136| [39m      [35mconst[39m result1 [33m=[39m 
manager[33m.[39m[34mvalidateServicePayment[39m(walletId[33m,[39m 
intent1ΓÇª
    [90m137| [39m      [34mexpect[39m(result1[33m.[39mok)[33m.[39m[34m
toBe[39m([35mtrue[39m)[33m;[39m
    [90m   | [39m                         [31m^[39m
    [90m138| [39m
    [90m139| [39m      
manager[33m.[39m[34mrecordServicePayment[39m(walletId[33m,[39m 
serviceId[33m,[39m [34m2.0[39m[33m,[39m intent1[33m.[39miΓÇª

[31m[2mΓÄ»ΓÄ»ΓÄ»ΓÄ»ΓÄ»ΓÄ»ΓÄ»ΓÄ»ΓÄ»ΓÄ»ΓÄ»ΓÄ»ΓÄ»ΓÄ»ΓÄ»ΓÄ»ΓÄ»ΓÄ»ΓÄ»ΓÄ»ΓÄ»ΓÄ»ΓÄ»Γ
Ä»[3/6]ΓÄ»[22m[39m

[31m[1m[7m FAIL [27m[22m[39m tests/service-policy.test.ts[2m > 
[22mServicePolicyManager[2m > [22mDaily Budget Enforcement[2m > 
[22mshould allow payment equal to remaining budget
[31m[1mAssertionError[22m: expected false to be true // Object.is 
equality[39m

[32m- Expected[39m
[31m+ Received[39m

[32m- true[39m
[31m+ false[39m

[36m [2mΓ¥»[22m tests/service-policy.test.ts:[2m201:25[22m[39m
    [90m199| [39m      [35mconst[39m result [33m=[39m 
manager[33m.[39m[34mvalidateServicePayment[39m(walletId[33m,[39m 
intent2)[33m;[39m
    [90m200| [39m
    [90m201| [39m      [34mexpect[39m(result[33m.[39mok)[33m.[39m[34mt
oBe[39m([35mtrue[39m)[33m;[39m
    [90m   | [39m                        [31m^[39m
    [90m202| [39m    })[33m;[39m
    [90m203| [39m  })[33m;[39m

[31m[2mΓÄ»ΓÄ»ΓÄ»ΓÄ»ΓÄ»ΓÄ»ΓÄ»ΓÄ»ΓÄ»ΓÄ»ΓÄ»ΓÄ»ΓÄ»ΓÄ»ΓÄ»ΓÄ»ΓÄ»ΓÄ»ΓÄ»ΓÄ»ΓÄ»ΓÄ»ΓÄ»Γ
Ä»[4/6]ΓÄ»[22m[39m

[31m[1m[7m FAIL [27m[22m[39m tests/service-policy.test.ts[2m > 
[22mServicePolicyManager[2m > [22mCooldown Enforcement[2m > [22mshould 
reject payment within cooldown period
[31m[1mTypeError[22m: usage.lastCallAt.getTime is not a function[39m
[36m [2mΓ¥»[22m ServicePolicyManager.validateServicePayment 
src/wallet/service-policy-manager.ts:[2m146:61[22m[39m
    [90m144| [39m    [90m// ΓöÇΓöÇ 3. Cooldown[39m
    [90m145| [39m    [35mif[39m (policy[33m.[39mcooldownSeconds 
[33m>[39m [34m0[39m [33m&&[39m usage[33m.[39mlastCallAt) {
    [90m146| [39m      [35mconst[39m secondsElapsed [33m=[39m 
([33mDate[39m[33m.[39m[34mnow[39m() [33m-[39m 
usage[33m.[39mlastCallAt[33m.[39m[34mgetTime[39m())ΓÇª
    [90m   | [39m                                                            
[31m^[39m
    [90m147| [39m      [35mif[39m (secondsElapsed [33m<[39m 
policy[33m.[39mcooldownSeconds) {
    [90m148| [39m        [35mreturn[39m [34mfailure[39m(
[90m [2mΓ¥»[22m tests/service-policy.test.ts:[2m230:15[22m[39m

[31m[2mΓÄ»ΓÄ»ΓÄ»ΓÄ»ΓÄ»ΓÄ»ΓÄ»ΓÄ»ΓÄ»ΓÄ»ΓÄ»ΓÄ»ΓÄ»ΓÄ»ΓÄ»ΓÄ»ΓÄ»ΓÄ»ΓÄ»ΓÄ»ΓÄ»ΓÄ»ΓÄ»Γ
Ä»[5/6]ΓÄ»[22m[39m

[31m[1m[7m FAIL [27m[22m[39m tests/service-policy.test.ts[2m > 
[22mServicePolicyManager[2m > [22mUsage Record Management[2m > [22mshould 
retrieve usage records
[31m[1mAssertionError[22m: expected 10 to be 2.5 // Object.is equality[39m

[32m- Expected[39m
[31m+ Received[39m

[32m- 2.5[39m
[31m+ 10[39m

[36m [2mΓ¥»[22m tests/service-policy.test.ts:[2m395:49[22m[39m
    [90m393| [39m
    [90m394| [39m      [34mexpect[39m(usageResult[33m.[39mok)[33m.[39m
[34mtoBe[39m([35mtrue[39m)[33m;[39m
    [90m395| [39m      [34mexpect[39m(usageResult[33m.[39mvalue[33m.[39
mtotalSpentToday)[33m.[39m[34mtoBe[39m([34m2.5[39m)[33m;[39m
    [90m   | [39m                                                [31m^[39m
    [90m396| [39m      [34mexpect[39m(usageResult[33m.[39mvalue[33m.[39
mcallCountToday)[33m.[39m[34mtoBe[39m([34m1[39m)[33m;[39m
    [90m397| [39m      [34mexpect[39m(usageResult[33m.[39mvalue[33m.[39
mserviceId)[33m.[39m[34mtoBe[39m(serviceId)[33m;[39m

[31m[2mΓÄ»ΓÄ»ΓÄ»ΓÄ»ΓÄ»ΓÄ»ΓÄ»ΓÄ»ΓÄ»ΓÄ»ΓÄ»ΓÄ»ΓÄ»ΓÄ»ΓÄ»ΓÄ»ΓÄ»ΓÄ»ΓÄ»ΓÄ»ΓÄ»ΓÄ»ΓÄ»Γ
Ä»[6/6]ΓÄ»[22m[39m

[2m Test Files [22m [1m[31m2 failed[39m[22m[2m | [22m[1m[32m7 passed[39m[22m[90m (9)[39m
[2m      Tests [22m [1m[31m6 failed[39m[22m[2m | [22m[1m[32m104 passed[39m[22m[90m (110)[39m
[2m   Start at [22m 18:58:04
[2m   Duration [22m 7.20s[2m (transform 1.29s, setup 2ms, collect 5.67s, tests 4.97s, environment 6ms, prepare 3.93s)[22m

