
> agentic-wallet-system@1.0.0 test
> vitest --run

node.exe : [33mThe CJS build of Vite's Node API is deprecated. See 
https://vite.dev/guide/troubleshooting.html#vite-cjs-node-api-deprecated for 
more details.[39m
At line:1 char:1
+ & "C:\Program Files\nodejs/node.exe" "C:\Users\Admin\AppData\Roaming\ ...
+ ~~~~~~~~~~~~~~~~~~~~~~~~~~~~~~~~~~~~~~~~~~~~~~~~~~~~~~~~~~~~~~~~~~~~~
    + CategoryInfo          : NotSpecified: ([33mThe CJS bu...e details.[39m 
   :String) [], RemoteException
    + FullyQualifiedErrorId : NativeCommandError
 

[7m[1m[36m RUN [39m[22m[27m [36mv1.6.1[39m [90mC:/Users/Admin/Agentic-wallet[39m

(node:21644) [DEP0040] DeprecationWarning: The `punycode` module is 
deprecated. Please use a userland alternative instead.
(Use `node --trace-deprecation ...` to show where the warning was created)
(node:21644) [DEP0040] DeprecationWarning: The `punycode` module is 
deprecated. Please use a userland alternative instead.
(Use `node --trace-deprecation ...` to show where the warning was created)
[90mstdout[2m | tests/service-policy.test.ts[2m > [22m[2mServicePolicyManager[2m > [22m[2mService Policy Registration[2m > [22m[2mshould register a valid service policy[22m[39m
[2026-04-14T18:50:57.124Z] [INFO ] [SERVICE_POLICY] Service policy registered {"serviceId":"test-service","capPerTx":100000,"dailyBudget":1000000,"cooldown":30}

[90mstdout[2m | tests/service-policy.test.ts[2m > [22m[2mServicePolicyManager[2m > [22m[2mService Policy Registration[2m > [22m[2mshould reject policy with negative caps[22m[39m
[2026-04-14T18:50:57.132Z] [INFO ] [SERVICE_POLICY] Service policies restored {"count":1}
[2026-04-14T18:50:57.133Z] [INFO ] [SERVICE_POLICY] Service usage records restored {"count":0}

[90mstdout[2m | tests/service-policy.test.ts[2m > [22m[2mServicePolicyManager[2m > [22m[2mService Policy Registration[2m > [22m[2mshould reject policy with invalid cooldown[22m[39m
[2026-04-14T18:50:57.139Z] [INFO ] [SERVICE_POLICY] Service policies restored {"count":1}
[2026-04-14T18:50:57.139Z] [INFO ] [SERVICE_POLICY] Service usage records restored {"count":0}

[90mstdout[2m | tests/service-policy.test.ts[2m > [22m[2mServicePolicyManager[2m > [22m[2mPer-Transaction Spend Caps[2m > [22m[2mshould allow payment within cap[22m[39m
[2026-04-14T18:50:57.141Z] [INFO ] [SERVICE_POLICY] Service policies restored {"count":1}
[2026-04-14T18:50:57.141Z] [INFO ] [SERVICE_POLICY] Service usage records restored {"count":0}
[2026-04-14T18:50:57.142Z] [INFO ] [SERVICE_POLICY] Service policy registered {"serviceId":"api.service-4","capPerTx":100000,"dailyBudget":1000000,"cooldown":0}
[2026-04-14T18:50:57.145Z] [INFO ] [SERVICE_POLICY] Service payment validated {"walletId":"wallet-4","serviceId":"api.service-4","amount":50000}

[90mstdout[2m | tests/service-policy.test.ts[2m > [22m[2mServicePolicyManager[2m > [22m[2mPer-Transaction Spend Caps[2m > [22m[2mshould reject payment exceeding cap[22m[39m
[2026-04-14T18:50:57.147Z] [INFO ] [SERVICE_POLICY] Service policies restored {"count":2}
[2026-04-14T18:50:57.147Z] [INFO ] [SERVICE_POLICY] Service usage records restored {"count":0}
[2026-04-14T18:50:57.147Z] [INFO ] [SERVICE_POLICY] Service policy registered {"serviceId":"api.service-5","capPerTx":100000,"dailyBudget":1000000,"cooldown":0}

[90mstdout[2m | tests/service-policy.test.ts[2m > [22m[2mServicePolicyManager[2m > [22m[2mDaily Budget Enforcement[2m > [22m[2mshould track cumulative spending across transactions[22m[39m
[2026-04-14T18:50:57.150Z] [INFO ] [SERVICE_POLICY] Service policies restored {"count":3}
[2026-04-14T18:50:57.150Z] [INFO ] [SERVICE_POLICY] Service usage records restored {"count":0}
[2026-04-14T18:50:57.151Z] [INFO ] [SERVICE_POLICY] Service policy registered {"serviceId":"api.service-budget-6","capPerTx":100000,"dailyBudget":200000,"cooldown":0}
[2026-04-14T18:50:57.153Z] [INFO ] [SERVICE_POLICY] Service payment validated {"walletId":"wallet-budget-test-6","serviceId":"api.service-budget-6","amount":100000}
[2026-04-14T18:50:57.154Z] [INFO ] [SERVICE_POLICY] Service payment validated {"walletId":"wallet-budget-test-6","serviceId":"api.service-budget-6","amount":100000}

[90mstdout[2m | tests/service-policy.test.ts[2m > [22m[2mServicePolicyManager[2m > [22m[2mDaily Budget Enforcement[2m > [22m[2mshould allow payment equal to remaining budget[22m[39m
[2026-04-14T18:50:57.157Z] [INFO ] [SERVICE_POLICY] Service policies restored {"count":4}
[2026-04-14T18:50:57.157Z] [INFO ] [SERVICE_POLICY] Service usage records restored {"count":1}
[2026-04-14T18:50:57.157Z] [INFO ] [SERVICE_POLICY] Service policy registered {"serviceId":"api.service-budget-7","capPerTx":100000,"dailyBudget":200000,"cooldown":0}

[90mstdout[2m | tests/service-policy.test.ts[2m > [22m[2mServicePolicyManager[2m > [22m[2mCooldown Enforcement[2m > [22m[2mshould reject payment within cooldown period[22m[39m
[2026-04-14T18:50:57.187Z] [INFO ] [SERVICE_POLICY] Service policies restored {"count":5}
[2026-04-14T18:50:57.187Z] [INFO ] [SERVICE_POLICY] Service usage records restored {"count":2}
[2026-04-14T18:50:57.188Z] [INFO ] [SERVICE_POLICY] Service policy registered {"serviceId":"api.service-cool-8","capPerTx":100000,"dailyBudget":1000000,"cooldown":60}
[2026-04-14T18:50:57.189Z] [INFO ] [SERVICE_POLICY] Service payment validated {"walletId":"wallet-cooldown-test-8","serviceId":"api.service-cool-8","amount":10000}

[90mstdout[2m | tests/service-policy.test.ts[2m > [22m[2mServicePolicyManager[2m > [22m[2mCooldown Enforcement[2m > [22m[2mshould allow payment after cooldown expires[22m[39m
[2026-04-14T18:50:57.192Z] [INFO ] [SERVICE_POLICY] Service policies restored {"count":6}
[2026-04-14T18:50:57.192Z] [INFO ] [SERVICE_POLICY] Service usage records restored {"count":3}
[2026-04-14T18:50:57.192Z] [INFO ] [SERVICE_POLICY] Service policy registered {"serviceId":"api.service-cool-9","capPerTx":100000,"dailyBudget":1000000,"cooldown":60}
[2026-04-14T18:50:57.194Z] [INFO ] [SERVICE_POLICY] Service payment validated {"walletId":"wallet-cooldown-test-2-9","serviceId":"api.service-cool-9","amount":10000}
[2026-04-14T18:50:57.195Z] [INFO ] [SERVICE_POLICY] Usage reset {"walletId":"wallet-cooldown-test-2-9","serviceId":"api.service-cool-9"}
[2026-04-14T18:50:57.199Z] [INFO ] [SERVICE_POLICY] Service payment validated {"walletId":"wallet-cooldown-test-2-9","serviceId":"api.service-cool-9","amount":10000}

[90mstdout[2m | tests/service-policy.test.ts[2m > [22m[2mServicePolicyManager[2m > [22m[2mReplay Attack Prevention[2m > [22m[2mshould reject duplicate nonce (replay attack)[22m[39m
[2026-04-14T18:50:57.201Z] [INFO ] [SERVICE_POLICY] Service policies restored {"count":7}
[2026-04-14T18:50:57.201Z] [INFO ] [SERVICE_POLICY] Service usage records restored {"count":3}
[2026-04-14T18:50:57.201Z] [INFO ] [SERVICE_POLICY] Service policy registered {"serviceId":"api.service-replay-10","capPerTx":100000,"dailyBudget":1000000,"cooldown":0}
[2026-04-14T18:50:57.204Z] [INFO ] [SERVICE_POLICY] Service payment validated {"walletId":"wallet-replay-test-10","serviceId":"api.service-replay-10","amount":10000}

[90mstdout[2m | tests/service-policy.test.ts[2m > [22m[2mServicePolicyManager[2m > [22m[2mProgram Allowlist/Blocklist[2m > [22m[2mshould enforce program allowlist[22m[39m
[2026-04-14T18:50:57.207Z] [INFO ] [SERVICE_POLICY] Service policies restored {"count":8}
[2026-04-14T18:50:57.207Z] [INFO ] [SERVICE_POLICY] Service usage records restored {"count":4}
[2026-04-14T18:50:57.208Z] [INFO ] [SERVICE_POLICY] Service policy registered {"serviceId":"api.dex-11","capPerTx":100000,"dailyBudget":1000000,"cooldown":0}
[2026-04-14T18:50:57.209Z] [INFO ] [SERVICE_POLICY] Service payment validated {"walletId":"wallet-allowlist-test-11","serviceId":"api.dex-11","amount":10000}

[90mstdout[2m | tests/service-policy.test.ts[2m > [22m[2mServicePolicyManager[2m > [22m[2mUsage Record Management[2m > [22m[2mshould retrieve usage records[22m[39m
[2026-04-14T18:50:57.212Z] [INFO ] [SERVICE_POLICY] Service policies restored {"count":9}
[2026-04-14T18:50:57.212Z] [INFO ] [SERVICE_POLICY] Service usage records restored {"count":4}
[2026-04-14T18:50:57.212Z] [INFO ] [SERVICE_POLICY] Service policy registered {"serviceId":"api.service-usage-12","capPerTx":100000,"dailyBudget":1000000,"cooldown":0}
[2026-04-14T18:50:57.213Z] [INFO ] [SERVICE_POLICY] Service payment validated {"walletId":"wallet-usage-test-12","serviceId":"api.service-usage-12","amount":25000}

[90mstdout[2m | tests/service-policy.test.ts[2m > [22m[2mServicePolicyManager[2m > [22m[2mUsage Record Management[2m > [22m[2mshould reset usage records on demand[22m[39m
[2026-04-14T18:50:57.217Z] [INFO ] [SERVICE_POLICY] Service policies restored {"count":10}
[2026-04-14T18:50:57.217Z] [INFO ] [SERVICE_POLICY] Service usage records restored {"count":5}
[2026-04-14T18:50:57.217Z] [INFO ] [SERVICE_POLICY] Service policy registered {"serviceId":"api.service-reset","capPerTx":1,"dailyBudget":10,"cooldown":0}
[2026-04-14T18:50:57.220Z] [INFO ] [SERVICE_POLICY] Usage reset {"walletId":"wallet-reset-test","serviceId":"api.service-reset"}

 [33mΓ¥»[39m tests/service-policy.test.ts [2m ([22m[2m13 tests[22m [2m|[22m [31m1 failed[39m[2m)[22m[90m 104[2mms[22m[39m
[31m   [33mΓ¥»[31m tests/service-policy.test.ts[2m > [22mServicePolicyManager[2m > [22mDaily Budget Enforcement[2m > [22mshould allow payment equal to remaining budget[39m
[31m     ΓåÆ expected false to be true // Object.is equality[39m
[90mstdout[2m | tests/x402-mpp.test.ts[2m > [22m[2mx402 Protocol Handler[2m > [22m[2mPayment Descriptor Generation[2m > [22m[2mshould generate valid payment descriptor[22m[39m
[2026-04-14T18:50:57.657Z] [INFO ] [X402_PROTOCOL] x402 payment descriptor generated {"amount":2000000,"requestId":"8bea0dd3-ff7e-4b3d-a992-8166d0c6b10f","expiresAt":"2026-04-14T18:55:57.656Z"}

[90mstdout[2m | tests/x402-mpp.test.ts[2m > [22m[2mx402 Protocol Handler[2m > [22m[2mPayment Descriptor Generation[2m > [22m[2mshould verify valid descriptor[22m[39m
[2026-04-14T18:50:57.665Z] [INFO ] [X402_PROTOCOL] x402 payment descriptor generated {"amount":1000000,"requestId":"1ee869a9-a828-4817-9c3a-38fbe99b442b","expiresAt":"2026-04-14T18:51:57.665Z"}

[90mstdout[2m | tests/x402-mpp.test.ts[2m > [22m[2mx402 Protocol Handler[2m > [22m[2mPayment Descriptor Generation[2m > [22m[2mshould reject expired descriptor[22m[39m
[2026-04-14T18:50:57.668Z] [INFO ] [X402_PROTOCOL] x402 payment descriptor generated {"amount":1000000,"requestId":"711984fd-c82a-464f-96c9-263e0a0feaf0","expiresAt":"2026-04-14T18:50:47.668Z"}

[90mstdout[2m | tests/x402-mpp.test.ts[2m > [22m[2mx402 Protocol Handler[2m > [22m[2mPayment Descriptor Generation[2m > [22m[2mshould reject descriptor with zero or negative amount[22m[39m
[2026-04-14T18:50:57.672Z] [INFO ] [X402_PROTOCOL] x402 payment descriptor generated {"amount":0,"requestId":"2bf02183-9544-45fb-b593-07ce77076776","expiresAt":"2026-04-14T18:55:57.672Z"}

[90mstdout[2m | tests/x402-mpp.test.ts[2m > [22m[2mx402 Protocol Handler[2m > [22m[2mx402 Header Encoding/Decoding[2m > [22m[2mshould encode descriptor as base64 x402 header[22m[39m
[2026-04-14T18:50:57.676Z] [INFO ] [X402_PROTOCOL] x402 payment descriptor generated {"amount":1000000,"requestId":"08e38902-61a8-403f-88ea-e58872e10ea9","expiresAt":"2026-04-14T18:55:57.676Z"}

[90mstdout[2m | tests/x402-mpp.test.ts[2m > [22m[2mx402 Protocol Handler[2m > [22m[2mx402 Header Encoding/Decoding[2m > [22m[2mshould decode x402 header back to descriptor[22m[39m
[2026-04-14T18:50:57.689Z] [INFO ] [X402_PROTOCOL] x402 payment descriptor generated {"amount":1000000,"requestId":"070ca169-1ac8-4431-8d5a-679696e0b07b","expiresAt":"2026-04-14T18:55:57.686Z"}

 [32mΓ£ô[39m tests/x402-mpp.test.ts [2m ([22m[2m28 tests[22m[2m)[22m[33m 521[2mms[22m[39m
[90mstderr[2m | Object.<anonymous> (C:\Users\Admin\Agentic-wallet\node_module
s\bigint-buffer\dist\node.js:10:17)[22m[39m
bigint: Failed to load bindings, pure JS will be used (try npm run rebuild?)

(node:21644) [DEP0040] DeprecationWarning: The `punycode` module is 
deprecated. Please use a userland alternative instead.
(Use `node --trace-deprecation ...` to show where the warning was created)
[90mstdout[2m | tests/store-and-registry.test.ts[2m > [22m[2mAgentRegistry[2m > [22m[2mregister[2m > [22m[2mreturns an agent ID and control token[22m[39m
[2026-04-14T18:50:58.978Z] [INFO ] [BYOA_REGISTRY] External agent registered {"agentId":"2f949d10-04dc-462f-bdf5-e885b1e6c6bb","name":"test-bot","type":"local"}

[90mstdout[2m | tests/store-and-registry.test.ts[2m > [22m[2mAgentRegistry[2m > [22m[2mauthenticateToken[2m > [22m[2mauthenticates with the returned token[22m[39m
[2026-04-14T18:50:58.988Z] [INFO ] [BYOA_REGISTRY] External agent registered {"agentId":"9d384564-dfeb-4a90-96c6-cf66b4c6f801","name":"auth-test","type":"local"}

[90mstdout[2m | tests/store-and-registry.test.ts[2m > [22m[2mAgentRegistry[2m > [22m[2mrotateToken[2m > [22m[2missues a new token that authenticates[22m[39m
[2026-04-14T18:50:58.990Z] [INFO ] [BYOA_REGISTRY] External agent registered {"agentId":"61fc07a3-f378-4eb1-9359-ef689dfaf32c","name":"rotate-test","type":"local"}
[2026-04-14T18:50:58.995Z] [INFO ] [BYOA_REGISTRY] Control token rotated for external agent {"agentId":"61fc07a3-f378-4eb1-9359-ef689dfaf32c","name":"rotate-test"}

[90mstdout[2m | tests/store-and-registry.test.ts[2m > [22m[2mAgentRegistry[2m > [22m[2mlifecycle[2m > [22m[2mrevoke prevents authentication[22m[39m
[2026-04-14T18:50:59.003Z] [INFO ] [BYOA_REGISTRY] External agent registered {"agentId":"eaabb1c2-433d-4393-9bd3-fa6e610ab3a5","name":"revoke-test","type":"local"}
[2026-04-14T18:50:59.004Z] [INFO ] [BYOA_REGISTRY] External agent revoked {"agentId":"eaabb1c2-433d-4393-9bd3-fa6e610ab3a5"}

[90mstdout[2m | tests/store-and-registry.test.ts[2m > [22m[2mAgentRegistry[2m > [22m[2mlifecycle[2m > [22m[2mdeactivate ΓåÆ activate round-trip[22m[39m
[2026-04-14T18:50:59.005Z] [INFO ] [BYOA_REGISTRY] External agent registered {"agentId":"ee34fbb1-642a-421b-bf73-21d6201c84d4","name":"lifecycle-test","type":"local"}
[2026-04-14T18:50:59.005Z] [INFO ] [BYOA_REGISTRY] External agent deactivated {"agentId":"ee34fbb1-642a-421b-bf73-21d6201c84d4"}

 [32mΓ£ô[39m tests/store-and-registry.test.ts [2m ([22m[2m8 tests[22m[2m)[22m[90m 47[2mms[22m[39m
[90mstdout[2m | tests/service-payment-integration.test.ts[2m > [22m[2mSERVICE_PAYMENT Intent Execution[2m > [22m[2mValid SERVICE_PAYMENT Execution[2m > [22m[2mshould validate and execute SERVICE_PAYMENT intent[22m[39m
[2026-04-14T18:50:59.092Z] [INFO ] [SERVICE_POLICY] Service policies restored {"count":11}
[2026-04-14T18:50:59.093Z] [INFO ] [SERVICE_POLICY] Service usage records restored {"count":5}
[2026-04-14T18:50:59.096Z] [INFO ] [BYOA_REGISTRY] BYOA agents restored from disk {"count":4}
[2026-04-14T18:50:59.104Z] [INFO ] [WALLET] Wallets restored from disk {"count":8}
[2026-04-14T18:50:59.107Z] [INFO ] [RPC] Solana client initialized {"rpcUrl":"https://api.devnet.solana.com","network":"devnet"}
[2026-04-14T18:50:59.108Z] [INFO ] [SERVICE_POLICY] Service policy registered {"serviceId":"inference-service","capPerTx":100000,"dailyBudget":500000,"cooldown":30}

[90mstdout[2m | tests/service-payment-integration.test.ts[2m > [22m[2mSERVICE_PAYMENT Intent Execution[2m > [22m[2mValid SERVICE_PAYMENT Execution[2m > [22m[2mshould enforce policy: amount within cap[22m[39m
[2026-04-14T18:50:59.121Z] [INFO ] [SERVICE_POLICY] Service policy registered {"serviceId":"inference-service","capPerTx":100000,"dailyBudget":500000,"cooldown":30}

[90mstdout[2m | tests/service-payment-integration.test.ts[2m > [22m[2mSERVICE_PAYMENT Intent Execution[2m > [22m[2mValid SERVICE_PAYMENT Execution[2m > [22m[2mshould emit audit event on successful payment[22m[39m
[2026-04-14T18:50:59.129Z] [INFO ] [SERVICE_POLICY] Service policy registered {"serviceId":"inference-service","capPerTx":100000,"dailyBudget":500000,"cooldown":30}

[90mstdout[2m | tests/service-payment-integration.test.ts[2m > [22m[2mSERVICE_PAYMENT Intent Execution[2m > [22m[2mPolicy Enforcement During Execution[2m > [22m[2mshould reject payment exceeding per-transaction cap[22m[39m
[2026-04-14T18:50:59.144Z] [INFO ] [SERVICE_POLICY] Service policy registered {"serviceId":"inference-service","capPerTx":100000,"dailyBudget":500000,"cooldown":30}

[90mstdout[2m | tests/service-payment-integration.test.ts[2m > [22m[2mSERVICE_PAYMENT Intent Execution[2m > [22m[2mPolicy Enforcement During Execution[2m > [22m[2mshould reject payment exceeding daily budget[22m[39m
[2026-04-14T18:50:59.150Z] [INFO ] [SERVICE_POLICY] Service policy registered {"serviceId":"inference-service","capPerTx":100000,"dailyBudget":500000,"cooldown":30}

[90mstdout[2m | tests/service-payment-integration.test.ts[2m > [22m[2mSERVICE_PAYMENT Intent Execution[2m > [22m[2mPolicy Enforcement During Execution[2m > [22m[2mshould enforce cooldown between payments[22m[39m
[2026-04-14T18:50:59.159Z] [INFO ] [SERVICE_POLICY] Service policy registered {"serviceId":"inference-service","capPerTx":100000,"dailyBudget":500000,"cooldown":30}

[90mstdout[2m | tests/service-payment-integration.test.ts[2m > [22m[2mSERVICE_PAYMENT Intent Execution[2m > [22m[2mPolicy Enforcement During Execution[2m > [22m[2mshould allow payment after cooldown expires[22m[39m
[2026-04-14T18:50:59.166Z] [INFO ] [SERVICE_POLICY] Service policy registered {"serviceId":"inference-service","capPerTx":100000,"dailyBudget":500000,"cooldown":30}

[90mstdout[2m | tests/service-payment-integration.test.ts[2m > [22m[2mSERVICE_PAYMENT Intent Execution[2m > [22m[2mPolicy Enforcement During Execution[2m > [22m[2mshould reject replay attack: same nonce twice[22m[39m
[2026-04-14T18:50:59.178Z] [INFO ] [SERVICE_POLICY] Service policy registered {"serviceId":"inference-service","capPerTx":100000,"dailyBudget":500000,"cooldown":30}

[90mstdout[2m | tests/service-payment-integration.test.ts[2m > [22m[2mSERVICE_PAYMENT Intent Execution[2m > [22m[2mProgram Allowlist/Blocklist Enforcement[2m > [22m[2mshould enforce program allowlist during execution[22m[39m
[2026-04-14T18:50:59.186Z] [INFO ] [SERVICE_POLICY] Service policy registered {"serviceId":"inference-service","capPerTx":100000,"dailyBudget":500000,"cooldown":30}
[2026-04-14T18:50:59.191Z] [INFO ] [SERVICE_POLICY] Service policy updated {"serviceId":"inference-service","updates":{"allowedPrograms":{"0":"11111111111111111111111111111111"},"blockedPrograms":{}}}

[90mstdout[2m | tests/service-payment-integration.test.ts[2m > [22m[2mSERVICE_PAYMENT Intent Execution[2m > [22m[2mProgram Allowlist/Blocklist Enforcement[2m > [22m[2mshould block programs on blocklist[22m[39m
[2026-04-14T18:50:59.198Z] [INFO ] [SERVICE_POLICY] Service policy registered {"serviceId":"inference-service","capPerTx":100000,"dailyBudget":500000,"cooldown":30}
[2026-04-14T18:50:59.200Z] [INFO ] [SERVICE_POLICY] Service policy updated {"serviceId":"inference-service","updates":{"allowedPrograms":{},"blockedPrograms":{"0":"TokenkegQfeZyiNwAJsyFbPVwwQQftas5LWUUtzMc9"}}}

[90mstdout[2m | tests/service-payment-integration.test.ts[2m > [22m[2mSERVICE_PAYMENT Intent Execution[2m > [22m[2mTransaction Building and Signing[2m > [22m[2mshould build transaction with correct memo[22m[39m
[2026-04-14T18:50:59.205Z] [INFO ] [SERVICE_POLICY] Service policy registered {"serviceId":"inference-service","capPerTx":100000,"dailyBudget":500000,"cooldown":30}

[90mstdout[2m | tests/service-payment-integration.test.ts[2m > [22m[2mSERVICE_PAYMENT Intent Execution[2m > [22m[2mTransaction Building and Signing[2m > [22m[2mshould use correct recipient in transaction[22m[39m
[2026-04-14T18:50:59.211Z] [INFO ] [SERVICE_POLICY] Service policy registered {"serviceId":"inference-service","capPerTx":100000,"dailyBudget":500000,"cooldown":30}

[90mstdout[2m | tests/service-payment-integration.test.ts[2m > [22m[2mSERVICE_PAYMENT Intent Execution[2m > [22m[2mTransaction Building and Signing[2m > [22m[2mshould sign transaction with wallet keypair[22m[39m
[2026-04-14T18:50:59.216Z] [INFO ] [SERVICE_POLICY] Service policy registered {"serviceId":"inference-service","capPerTx":100000,"dailyBudget":500000,"cooldown":30}

[90mstdout[2m | tests/service-payment-integration.test.ts[2m > [22m[2mSERVICE_PAYMENT Intent Execution[2m > [22m[2mError Handling and Recovery[2m > [22m[2mshould catch invalid recipient address[22m[39m
[2026-04-14T18:50:59.225Z] [INFO ] [SERVICE_POLICY] Service policy registered {"serviceId":"inference-service","capPerTx":100000,"dailyBudget":500000,"cooldown":30}

[90mstdout[2m | tests/service-payment-integration.test.ts[2m > [22m[2mSERVICE_PAYMENT Intent Execution[2m > [22m[2mError Handling and Recovery[2m > [22m[2mshould validate serviceId existence in policy[22m[39m
[2026-04-14T18:50:59.233Z] [INFO ] [SERVICE_POLICY] Service policy registered {"serviceId":"inference-service","capPerTx":100000,"dailyBudget":500000,"cooldown":30}

[90mstdout[2m | tests/service-payment-integration.test.ts[2m > [22m[2mSERVICE_PAYMENT Intent Execution[2m > [22m[2mError Handling and Recovery[2m > [22m[2mshould handle negative amount gracefully[22m[39m
[2026-04-14T18:50:59.238Z] [INFO ] [SERVICE_POLICY] Service policy registered {"serviceId":"inference-service","capPerTx":100000,"dailyBudget":500000,"cooldown":30}

[90mstdout[2m | tests/service-payment-integration.test.ts[2m > [22m[2mSERVICE_PAYMENT Intent Execution[2m > [22m[2mMultiple Service Policy Isolation[2m > [22m[2mshould isolate usage tracking between services[22m[39m
[2026-04-14T18:50:59.244Z] [INFO ] [SERVICE_POLICY] Service policy registered {"serviceId":"inference-service","capPerTx":100000,"dailyBudget":500000,"cooldown":30}
[2026-04-14T18:50:59.246Z] [INFO ] [SERVICE_POLICY] Service policy registered {"serviceId":"translation-service","capPerTx":200000,"dailyBudget":1000000,"cooldown":10}

[90mstdout[2m | tests/service-payment-integration.test.ts[2m > [22m[2mSERVICE_PAYMENT Intent Execution[2m > [22m[2mMultiple Service Policy Isolation[2m > [22m[2mshould maintain separate nonce sets per service[22m[39m
[2026-04-14T18:50:59.261Z] [INFO ] [SERVICE_POLICY] Service policy registered {"serviceId":"inference-service","capPerTx":100000,"dailyBudget":500000,"cooldown":30}
[2026-04-14T18:50:59.263Z] [INFO ] [SERVICE_POLICY] Service policy registered {"serviceId":"translation-service","capPerTx":200000,"dailyBudget":1000000,"cooldown":10}

[90mstdout[2m | tests/service-payment-integration.test.ts[2m > [22m[2mSERVICE_PAYMENT Intent Execution[2m > [22m[2mDaily Reset Behavior[2m > [22m[2mshould reset usage at midnight UTC[22m[39m
[2026-04-14T18:50:59.268Z] [INFO ] [SERVICE_POLICY] Service policy registered {"serviceId":"inference-service","capPerTx":100000,"dailyBudget":500000,"cooldown":30}

[90mstdout[2m | tests/service-payment-integration.test.ts[2m > [22m[2mSERVICE_PAYMENT Intent Execution[2m > [22m[2mDaily Reset Behavior[2m > [22m[2mshould auto-reset usage at daily boundary[22m[39m
[2026-04-14T18:50:59.273Z] [INFO ] [SERVICE_POLICY] Service policy registered {"serviceId":"inference-service","capPerTx":100000,"dailyBudget":500000,"cooldown":30}

[90mstdout[2m | tests/service-payment-integration.test.ts[2m > [22m[2mSERVICE_PAYMENT Intent Execution[2m > [22m[2mIntent Validation Pipeline[2m > [22m[2mshould validate all required intent fields[22m[39m
[2026-04-14T18:50:59.279Z] [INFO ] [SERVICE_POLICY] Service policy registered {"serviceId":"inference-service","capPerTx":100000,"dailyBudget":500000,"cooldown":30}

[90mstdout[2m | tests/service-payment-integration.test.ts[2m > [22m[2mSERVICE_PAYMENT Intent Execution[2m > [22m[2mIntent Validation Pipeline[2m > [22m[2mshould validate serviceId matches registered policy[22m[39m
[2026-04-14T18:50:59.284Z] [INFO ] [SERVICE_POLICY] Service policy registered {"serviceId":"inference-service","capPerTx":100000,"dailyBudget":500000,"cooldown":30}

[90mstdout[2m | tests/service-payment-integration.test.ts[2m > [22m[2mSERVICE_PAYMENT Intent Execution[2m > [22m[2mIntent Validation Pipeline[2m > [22m[2mshould reject intent with unregistered serviceId[22m[39m
[2026-04-14T18:50:59.289Z] [INFO ] [SERVICE_POLICY] Service policy registered {"serviceId":"inference-service","capPerTx":100000,"dailyBudget":500000,"cooldown":30}

 [32mΓ£ô[39m tests/service-payment-integration.test.ts [2m ([22m[2m23 tests[22m[2m)[22m[33m 491[2mms[22m[39m
(node:21644) [DEP0040] DeprecationWarning: The `punycode` module is 
deprecated. Please use a userland alternative instead.
(Use `node --trace-deprecation ...` to show where the warning was created)
(node:21644) [DEP0040] DeprecationWarning: The `punycode` module is 
deprecated. Please use a userland alternative instead.
(Use `node --trace-deprecation ...` to show where the warning was created)
[90mstdout[2m | tests/agent-decisions.test.ts[2m > [22m[2mAccumulatorAgent[2m > [22m[2mrequests airdrop when balance is below minBalance[22m[39m
[2026-04-14T18:51:01.136Z] [INFO ] [ACCUMULATOR] Accumulator requesting airdrop {"agentId":"f91f6d36-687c-42ff-beb7-69fcd6b135cf","currentBalance":0.1,"requestAmount":1}

[90mstdout[2m | tests/agent-decisions.test.ts[2m > [22m[2mBalanceGuardAgent[2m > [22m[2mtriggers emergency airdrop when critically low[22m[39m
[2026-04-14T18:51:01.142Z] [INFO ] [BALANCE_GUARD] Balance critically low, requesting airdrop {"agentId":"0973fc2a-1b70-4306-ac38-63b10665baeb","balance":0.01,"critical":0.05}

[90mstdout[2m | tests/agent-decisions.test.ts[2m > [22m[2mScheduledPayerAgent[2m > [22m[2msends payment when balance supports it[22m[39m
[2026-04-14T18:51:01.145Z] [INFO ] [SCHEDULED_PAYER] Scheduled payment {"agentId":"2650ca88-b8ac-45b7-bab0-36326ec77f26","recipient":"So11111111111111111111111111111111111111112","amount":0.01}

 [32mΓ£ô[39m tests/agent-decisions.test.ts [2m ([22m[2m6 tests[22m[2m)[22m[90m 14[2mms[22m[39m
 [32mΓ£ô[39m tests/agent-factory.test.ts [2m ([22m[2m10 tests[22m[2m)[22m[90m 27[2mms[22m[39m
[90mstdout[2m | tests/agent-factory.test.ts[2m > [22m[2mAgent Factory (createAgent)[2m > [22m[2mcreates an accumulator agent with default params[22m[39m
[2026-04-14T18:51:01.185Z] [INFO ] [AGENT_FACTORY] Creating agent {"name":"acc-test","strategy":"accumulator","walletId":"wallet_test_001"}
[2026-04-14T18:51:01.189Z] [INFO ] [AGENT_FACTORY] Agent created successfully {"agentId":"a793077b-5ad2-476b-a931-973693e6f339","name":"acc-test","strategy":"accumulator"}

[90mstdout[2m | tests/agent-factory.test.ts[2m > [22m[2mAgent Factory (createAgent)[2m > [22m[2mcreates a distributor agent[22m[39m
[2026-04-14T18:51:01.194Z] [INFO ] [AGENT_FACTORY] Creating agent {"name":"dist-test","strategy":"distributor","walletId":"wallet_test_001"}
[2026-04-14T18:51:01.196Z] [INFO ] [AGENT_FACTORY] Agent created successfully {"agentId":"c76c9dd0-714c-4945-a8bb-cb4701efdfd8","name":"dist-test","strategy":"distributor"}

[90mstdout[2m | tests/agent-factory.test.ts[2m > [22m[2mAgent Factory (createAgent)[2m > [22m[2mcreates a balance_guard agent[22m[39m
[2026-04-14T18:51:01.197Z] [INFO ] [AGENT_FACTORY] Creating agent {"name":"bg-test","strategy":"balance_guard","walletId":"wallet_test_001"}
[2026-04-14T18:51:01.198Z] [INFO ] [AGENT_FACTORY] Agent created successfully {"agentId":"96638d5f-bcce-412c-9442-5cf8a538509e","name":"bg-test","strategy":"balance_guard"}

[90mstdout[2m | tests/agent-factory.test.ts[2m > [22m[2mAgent Factory (createAgent)[2m > [22m[2mcreates a scheduled_payer agent[22m[39m
[2026-04-14T18:51:01.199Z] [INFO ] [AGENT_FACTORY] Creating agent {"name":"sp-test","strategy":"scheduled_payer","walletId":"wallet_test_001"}
[2026-04-14T18:51:01.199Z] [INFO ] [AGENT_FACTORY] Agent created successfully {"agentId":"293afdd2-e6cd-41e4-9e01-bd0e35d49901","name":"sp-test","strategy":"scheduled_payer"}

[90mstdout[2m | tests/agent-factory.test.ts[2m > [22m[2mAgent Factory (createAgent)[2m > [22m[2mfails for an unknown strategy[22m[39m
[2026-04-14T18:51:01.200Z] [INFO ] [AGENT_FACTORY] Creating agent {"name":"bad","strategy":"nonexistent_strategy","walletId":"wallet_test_001"}

[90mstdout[2m | tests/agent-factory.test.ts[2m > [22m[2mAgent Factory (createAgent)[2m > [22m[2mpreserves idOverride when provided[22m[39m
[2026-04-14T18:51:01.201Z] [INFO ] [AGENT_FACTORY] Creating agent {"name":"id-test","strategy":"accumulator","walletId":"wallet_test_001"}
[2026-04-14T18:51:01.201Z] [INFO ] [AGENT_FACTORY] Agent created successfully {"agentId":"custom-agent-id-12345","name":"id-test","strategy":"accumulator"}

[90mstdout[2m | tests/wallet-manager.test.ts[2m > [22m[2mWalletManager[2m > [22m[2mcreateWallet[2m > [22m[2mcreates a wallet with a valid public key[22m[39m
[2026-04-14T18:50:59.222Z] [INFO ] [WALLET] Wallet created {"walletId":"wallet_3c05142c739492e3737bc2b8045d2283","publicKey":"C1N8ncmRD7DW4qTn8wWuML1iTuEp5o4MtmMivt1cPDaF","label":"test-wallet"}

[90mstdout[2m | tests/wallet-manager.test.ts[2m > [22m[2mWalletManager[2m > [22m[2mcreateWallet[2m > [22m[2mcreates wallets with unique IDs[22m[39m
[2026-04-14T18:50:59.462Z] [INFO ] [WALLET] Wallet created {"walletId":"wallet_5b0135ea3279d983a13f8d1447d41230","publicKey":"Gi17hZwQ2bhjWff27pvCnt733uhinpAjELv2d391CWCN","label":"w1"}
[2026-04-14T18:50:59.700Z] [INFO ] [WALLET] Wallet created {"walletId":"wallet_f3376504840f9741cce6e5e33e62bf84","publicKey":"FAoK4pk5WkTmTTfPtwGndekDQr2jRgRFffjpDuzKVciy","label":"w2"}

[90mstdout[2m | tests/wallet-manager.test.ts[2m > [22m[2mWalletManager[2m > [22m[2mcreateWallet[2m > [22m[2mnever exposes the encrypted secret key[22m[39m
[2026-04-14T18:51:00.064Z] [INFO ] [WALLET] Wallet created {"walletId":"wallet_5cacdd7c3dffb29ef6a405f971d2b127","publicKey":"ztiztgyvJ54XBu4G62PYW7ivQxABQHrfozGWBBkUw1q","label":"visible"}

[90mstdout[2m | tests/wallet-manager.test.ts[2m > [22m[2mWalletManager[2m > [22m[2mgetPublicKey[2m > [22m[2mreturns a PublicKey for a known wallet[22m[39m
[2026-04-14T18:51:00.395Z] [INFO ] [WALLET] Wallet created {"walletId":"wallet_b35f522f2b817a0343ef69f002da16ae","publicKey":"CbHY9W8bNR1vLEehMXsHLBaTupj5DN4aQsGvrK9FTYNd","label":"pk-test"}

[90mstdout[2m | tests/wallet-manager.test.ts[2m > [22m[2mWalletManager[2m > [22m[2msignTransaction[2m > [22m[2msigns a transaction successfully[22m[39m
[2026-04-14T18:51:00.692Z] [INFO ] [WALLET] Wallet created {"walletId":"wallet_7ee7ca154fdffc1657541971dd29e527","publicKey":"DbL8WseBAxTbFHn6FjPa4hDrXSV4yRncSHdYfsZsN3Sr","label":"sign-test"}

[90mstdout[2m | tests/wallet-manager.test.ts[2m > [22m[2mWalletManager[2m > [22m[2mdeleteWallet[2m > [22m[2mremoves a wallet[22m[39m
[2026-04-14T18:51:01.151Z] [INFO ] [WALLET] Wallet created {"walletId":"wallet_4b5307d87b426b50f750e2d5d9efbedb","publicKey":"5jdJF6iHXR1yuspDk8tLRvavgFVNux7A3fQ2dCCMyC7Y","label":"delete-me"}
[2026-04-14T18:51:01.152Z] [INFO ] [WALLET] Wallet deleted {"walletId":"wallet_4b5307d87b426b50f750e2d5d9efbedb"}

[90mstdout[2m | tests/wallet-manager.test.ts[2m > [22m[2mWalletManager[2m > [22m[2mpolicy validation[2m > [22m[2mrejects a transfer exceeding maxTransferAmount[22m[39m
[2026-04-14T18:51:01.462Z] [INFO ] [WALLET] Wallet created {"walletId":"wallet_bbb05e3a761322faea384f2a122a165d","publicKey":"D6SrBpVJSsJGbHcTsWgVZzemfWTR2n4aVoWMAmJTGE8j","label":"policy-test"}

[90mstdout[2m | tests/wallet-manager.test.ts[2m > [22m[2mWalletManager[2m > [22m[2mpolicy validation[2m > [22m[2maccepts a valid small transfer[22m[39m
[2026-04-14T18:51:01.819Z] [INFO ] [WALLET] Wallet created {"walletId":"wallet_eb8bf16cd3dc131365b93a5047320a97","publicKey":"6znAcf2qNCtJ6fNuBgwZBhypK7xMGqG6rQUPVFgmS7bG","label":"valid-tx"}

 [32mΓ£ô[39m tests/wallet-manager.test.ts [2m ([22m[2m10 tests[22m[2m)[22m[33m 3139[2mms[22m[39m
 [32mΓ£ô[39m tests/store.test.ts [2m ([22m[2m2 tests[22m[2m)[22m[90m 15[2mms[22m[39m
 [32mΓ£ô[39m tests/encryption.test.ts [2m ([22m[2m10 tests[22m[2m)[22m[33m 1833[2mms[22m[39m

[31mΓÄ»ΓÄ»ΓÄ»ΓÄ»ΓÄ»ΓÄ»ΓÄ»[1m[7m Failed Tests 1 
[27m[22mΓÄ»ΓÄ»ΓÄ»ΓÄ»ΓÄ»ΓÄ»ΓÄ»[39m

[31m[1m[7m FAIL [27m[22m[39m tests/service-policy.test.ts[2m > 
[22mServicePolicyManager[2m > [22mDaily Budget Enforcement[2m > 
[22mshould allow payment equal to remaining budget
[31m[1mAssertionError[22m: expected false to be true // Object.is 
equality[39m

[32m- Expected[39m
[31m+ Received[39m

[32m- true[39m
[31m+ false[39m

[36m [2mΓ¥»[22m tests/service-policy.test.ts:[2m240:25[22m[39m
    [90m238| [39m      [35mconst[39m result [33m=[39m 
manager[33m.[39m[34mvalidateServicePayment[39m(walletId[33m,[39m 
intent2)[33m;[39m
    [90m239| [39m
    [90m240| [39m      [34mexpect[39m(result[33m.[39mok)[33m.[39m[34mt
oBe[39m([35mtrue[39m)[33m;[39m
    [90m   | [39m                        [31m^[39m
    [90m241| [39m    })[33m;[39m
    [90m242| [39m  })[33m;[39m

[31m[2mΓÄ»ΓÄ»ΓÄ»ΓÄ»ΓÄ»ΓÄ»ΓÄ»ΓÄ»ΓÄ»ΓÄ»ΓÄ»ΓÄ»ΓÄ»ΓÄ»ΓÄ»ΓÄ»ΓÄ»ΓÄ»ΓÄ»ΓÄ»ΓÄ»ΓÄ»ΓÄ»Γ
Ä»[1/1]ΓÄ»[22m[39m

[2m Test Files [22m [1m[31m1 failed[39m[22m[2m | [22m[1m[32m8 passed[39m[22m[90m (9)[39m
[2m      Tests [22m [1m[31m1 failed[39m[22m[2m | [22m[1m[32m109 passed[39m[22m[90m (110)[39m
[2m   Start at [22m 19:50:55
[2m   Duration [22m 8.45s[2m (transform 1.31s, setup 1ms, collect 6.11s, tests 6.19s, environment 5ms, prepare 4.72s)[22m

